// Jest Snapshot v1, https://goo.gl/fbAQLP

exports[`Prueba en componente JournalEntry Debe de mostrar el componente correctamente 1`] = `
<div
  className="journal__entry pointer"
  onClick={[Function]}
>
  <div
    className="journal__entry-body"
  >
    <p
      className="journal__entry-title"
    >
      Titulo de prueba
    </p>
    <p
      className="journal__entry-content"
    >
      El texto de prueba de la nota
    </p>
  </div>
  <div
    className="journal__entry-date-box"
  >
    <span>
      Wednesday
    </span>
    <h4>
      31st
    </h4>
  </div>
</div>
`;
